系统时间,已用内存(MB),CPU使用率(%),磁盘读(KB/s),磁盘写(KB/s),文件描述符,Socket描述符,进程数
2026-06-18 08:35:53,331,3,0,0,960,485,98
2026-06-18 08:36:52,332,4,0,0,960,485,97
2026-06-18 08:36:59,329,3,0,21,960,485,97
2026-06-18 08:37:07,329,1,0,0,960,485,97
2026-06-18 08:37:14,329,2,0,17,960,485,97
2026-06-18 08:37:21,329,2,0,0,960,485,97
2026-06-18 08:37:28,329,0,0,0,960,485,97
2026-06-18 08:37:35,329,0,0,4,960,485,97
2026-06-18 08:37:42,329,0,0,0,960,485,97
2026-06-18 08:37:49,329,0,0,0,960,485,97
2026-06-18 08:37:56,329,0,0,0,960,485,97
2026-06-18 08:38:03,331,1,0,0,1056,487,99
2026-06-18 08:38:10,334,0,0,0,1120,489,101
2026-06-18 08:38:17,334,0,0,0,1120,489,101
2026-06-18 08:38:24,337,0,0,0,1216,491,103
2026-06-18 08:38:31,337,0,0,0,1216,491,103
2026-06-18 08:38:38,337,0,0,0,1216,491,103
2026-06-18 08:38:45,339,0,0,0,1312,493,105
2026-06-18 08:38:52,339,0,0,0,1312,493,105
2026-06-18 08:38:59,339,0,0,0,1312,493,105
2026-06-18 08:39:06,342,4,0,0,1408,495,108
2026-06-18 08:39:13,342,0,0,0,1408,495,108
2026-06-18 08:39:20,342,0,0,0,1408,495,108
2026-06-18 08:39:27,342,0,0,0,1408,495,108
2026-06-18 08:39:34,342,0,0,4,1408,495,108
2026-06-18 08:39:41,342,0,0,0,1408,495,108
2026-06-18 08:39:48,342,0,0,0,1408,495,108
2026-06-18 08:39:55,342,0,0,0,1408,495,108
2026-06-18 08:40:02,342,0,0,0,1408,495,108
2026-06-18 08:40:09,342,1,0,0,1408,495,108
2026-06-18 08:40:16,342,0,0,0,1408,495,108
2026-06-18 08:40:23,342,0,0,0,1408,495,108
2026-06-18 08:40:30,342,0,0,0,1408,495,108
2026-06-18 08:40:37,342,0,0,0,1408,495,108
2026-06-18 08:40:44,342,0,0,0,1408,495,108
2026-06-18 08:40:51,342,0,0,0,1408,495,108
2026-06-18 08:40:58,342,0,0,0,1408,495,108
2026-06-18 08:41:05,342,0,0,0,1408,495,108
2026-06-18 08:41:12,342,0,0,0,1408,495,108
2026-06-18 08:41:19,342,0,0,0,1408,495,108
2026-06-18 08:41:26,342,0,0,0,1408,495,108
2026-06-18 08:41:33,325,0,0,0,800,481,95
2026-06-18 08:41:41,325,0,0,0,800,481,95
2026-06-18 08:41:48,326,0,0,0,800,481,95
2026-06-18 08:41:55,326,1,0,0,800,481,95
2026-06-18 08:42:02,328,0,0,28,896,483,97
2026-06-18 08:42:09,328,0,0,0,896,483,97
2026-06-18 08:42:16,328,1,0,21,960,485,99
2026-06-18 08:42:23,332,0,0,0,1056,487,101
2026-06-18 08:42:30,332,0,0,0,1056,487,101
2026-06-18 08:42:37,332,1,0,0,1056,487,101
2026-06-18 08:42:44,332,0,0,0,1056,487,101
2026-06-18 08:42:51,332,0,0,0,1056,487,101
2026-06-18 08:42:58,332,1,0,0,1056,487,101
2026-06-18 08:43:05,332,0,0,26,1056,487,101
2026-06-18 08:43:12,332,0,0,0,1056,487,101
2026-06-18 08:43:19,332,1,0,0,1056,487,101
2026-06-18 08:43:26,332,0,0,0,1056,487,101
2026-06-18 08:43:33,332,0,0,0,1056,487,101
2026-06-18 08:43:40,332,0,0,0,1056,487,101
2026-06-18 08:43:47,332,1,0,0,1056,487,101
2026-06-18 08:43:54,332,0,0,0,1056,487,101
2026-06-18 08:44:01,332,0,0,0,1056,487,101
2026-06-18 08:44:08,332,0,0,0,1056,487,100
2026-06-18 08:44:15,333,0,0,0,1056,487,100
2026-06-18 08:44:22,332,0,0,0,1056,487,100
2026-06-18 08:44:29,332,0,0,0,1056,487,100
2026-06-18 08:44:36,332,0,0,0,1056,487,100
2026-06-18 08:44:43,332,1,0,0,1056,487,100
2026-06-18 08:44:50,332,0,0,0,1056,487,100
2026-06-18 08:44:57,332,0,0,0,1056,487,100
2026-06-18 08:45:04,332,0,0,0,1056,487,100
2026-06-18 08:45:11,332,1,0,0,1056,487,100
2026-06-18 08:45:18,332,0,0,0,1056,487,100
2026-06-18 08:45:25,332,0,0,0,1056,487,100
2026-06-18 08:45:32,332,0,0,0,1056,487,100
2026-06-18 08:45:39,332,0,0,0,1056,487,100
2026-06-18 08:45:46,332,0,0,0,1056,487,100
2026-06-18 08:45:53,332,0,0,0,1056,487,100
2026-06-18 08:46:00,333,0,0,0,1056,487,100
2026-06-18 08:46:07,333,0,0,0,1056,487,100
2026-06-18 08:46:14,332,0,0,0,1056,487,100
2026-06-18 08:46:21,333,1,0,0,1056,487,100
2026-06-18 08:46:28,332,0,0,0,1056,487,100
2026-06-18 08:46:35,332,0,0,4,1056,487,100
2026-06-18 08:46:43,332,1,0,0,1056,487,100
2026-06-18 08:46:50,333,0,0,0,1056,487,100
2026-06-18 08:46:57,332,0,0,0,1056,487,100
2026-06-18 08:47:04,332,0,0,0,1056,487,100
2026-06-18 08:47:11,332,0,0,0,1056,487,101
2026-06-18 08:47:18,332,0,0,0,1056,487,101
2026-06-18 08:47:25,332,0,0,0,1056,487,101
2026-06-18 08:47:32,332,0,0,0,1056,487,101
2026-06-18 08:47:39,332,0,0,0,1056,487,101
2026-06-18 08:47:46,335,0,0,0,1152,489,103
2026-06-18 08:47:53,335,0,0,0,1152,489,103
2026-06-18 08:48:00,335,0,0,0,1152,489,103
2026-06-18 08:48:07,335,0,0,0,1152,489,103
2026-06-18 08:48:14,335,0,0,0,1152,489,103
2026-06-18 08:48:21,335,0,0,0,1152,489,103
2026-06-18 08:48:28,335,0,0,0,1152,489,103
2026-06-18 08:48:35,335,0,0,15,1152,489,103
2026-06-18 08:48:42,335,0,0,0,1152,489,103
2026-06-18 08:48:49,335,0,0,0,1152,489,103
2026-06-18 08:48:56,335,0,0,0,1152,489,103
2026-06-18 08:49:03,335,0,0,0,1152,489,103
2026-06-18 08:49:10,335,0,0,0,1152,489,103
2026-06-18 08:49:17,335,0,0,0,1152,489,103
2026-06-18 08:49:24,335,1,0,0,1152,489,103
2026-06-18 08:49:31,335,0,0,0,1152,489,103
2026-06-18 08:49:38,335,0,0,0,1152,489,103
2026-06-18 08:49:45,335,0,0,0,1152,489,103
2026-06-18 08:49:52,335,0,0,0,1152,489,103
2026-06-18 08:49:59,335,0,0,0,1152,489,103
2026-06-18 08:50:06,335,1,0,0,1152,489,103
2026-06-18 08:50:13,335,0,0,0,1152,489,103
2026-06-18 08:50:20,335,0,0,0,1152,489,103
2026-06-18 08:50:27,335,1,0,0,1152,489,103
2026-06-18 08:50:34,335,0,0,0,1152,489,103
2026-06-18 08:50:41,335,0,0,0,1152,489,103
2026-06-18 08:50:48,335,0,0,0,1152,489,103
2026-06-18 08:50:55,335,0,0,0,1152,489,103
2026-06-18 08:51:02,335,1,0,0,1152,489,103
2026-06-18 08:51:09,335,0,0,0,1152,489,103
2026-06-18 08:51:16,335,0,0,0,1152,489,103
2026-06-18 08:51:24,335,0,0,0,1152,489,103
2026-06-18 08:51:31,335,0,0,0,1152,489,103
2026-06-18 08:51:38,335,0,0,0,1152,489,103
2026-06-18 08:51:45,335,0,0,0,1152,489,103
2026-06-18 08:51:52,335,0,0,0,1152,489,103
2026-06-18 08:51:59,335,0,0,0,1152,489,103
2026-06-18 08:52:06,334,0,0,2,1120,489,101
2026-06-18 08:52:13,334,0,0,0,1120,489,101
2026-06-18 08:52:20,334,0,0,0,1120,489,99
2026-06-18 08:52:27,333,0,0,0,1120,489,99
2026-06-18 08:52:34,333,0,0,0,1120,489,99
2026-06-18 08:52:41,333,0,0,4,1120,489,99
2026-06-18 08:52:48,333,0,0,0,1120,489,99
2026-06-18 08:52:55,333,0,0,0,1120,489,99
2026-06-18 08:53:02,333,0,0,0,1120,489,99
2026-06-18 08:53:09,333,0,0,0,1120,489,99
2026-06-18 08:53:16,333,0,0,0,1120,489,99
2026-06-18 08:53:23,333,0,0,0,1120,489,99
2026-06-18 08:53:30,333,0,0,0,1120,489,99
2026-06-18 08:53:37,333,0,0,0,1120,489,99
2026-06-18 08:53:44,333,0,0,0,1120,489,99
2026-06-18 08:53:51,333,0,0,0,1120,489,99
2026-06-18 08:53:58,333,0,0,0,1120,489,99
2026-06-18 08:54:05,333,0,0,0,1120,489,99
2026-06-18 08:54:12,333,0,0,0,1120,489,99
2026-06-18 08:54:19,333,0,0,0,1120,489,99
2026-06-18 08:54:26,333,0,0,0,1120,489,99
2026-06-18 08:54:33,333,0,0,0,1120,489,99
2026-06-18 08:54:40,333,0,0,0,1120,489,99
2026-06-18 08:54:47,333,0,0,0,1120,489,99
2026-06-18 08:54:54,333,0,0,0,1120,489,99
2026-06-18 08:55:01,333,1,0,0,1120,489,99
2026-06-18 08:55:08,333,0,0,0,1120,489,100
2026-06-18 08:55:15,333,1,0,0,1120,489,100
2026-06-18 08:55:22,333,0,0,0,1120,489,100
2026-06-18 08:55:29,333,0,0,0,1120,489,100
2026-06-18 08:55:37,333,0,0,1,1120,489,100
2026-06-18 08:55:44,333,2,0,0,1120,489,100
2026-06-18 08:55:51,333,0,0,0,1120,489,100
2026-06-18 08:55:58,333,0,0,0,1120,489,100
2026-06-18 08:56:05,333,1,0,0,1120,489,100
2026-06-18 08:56:12,333,0,0,0,1120,489,100
2026-06-18 08:56:19,333,0,0,0,1120,489,100
2026-06-18 08:56:26,333,1,0,0,1120,489,100
2026-06-18 08:56:33,333,0,0,0,1120,489,100
2026-06-18 08:56:40,333,0,0,0,1120,489,100
2026-06-18 08:56:47,333,1,0,0,1120,489,100
2026-06-18 08:56:54,333,0,0,0,1120,489,100
2026-06-18 08:57:01,333,0,0,0,1120,489,100
2026-06-18 08:57:08,333,0,0,0,1120,489,100
2026-06-18 08:57:15,333,1,0,0,1120,489,100
2026-06-18 08:57:22,333,0,0,0,1120,489,100
2026-06-18 08:57:29,333,0,0,0,1120,489,100
2026-06-18 08:57:36,333,0,0,0,1120,489,100
2026-06-18 08:57:43,333,0,0,0,1120,489,99
2026-06-18 08:57:50,333,0,0,0,1120,489,99
2026-06-18 08:57:57,332,0,0,0,1120,489,99
2026-06-18 08:58:04,332,0,0,0,1120,489,99
2026-06-18 08:58:11,333,0,0,0,1120,489,99
2026-06-18 08:58:18,333,0,0,0,1120,489,99
2026-06-18 08:58:25,332,0,0,0,1120,489,99
2026-06-18 08:58:32,333,0,0,4,1120,489,99
2026-06-18 08:58:39,332,0,0,0,1120,489,99
2026-06-18 08:58:46,332,0,0,0,1120,489,99
2026-06-18 08:58:53,332,0,0,0,1120,489,99
2026-06-18 08:59:00,332,0,0,0,1120,489,99
2026-06-18 08:59:07,333,0,0,34,1120,489,99
2026-06-18 08:59:14,333,0,0,0,1120,489,99
2026-06-18 08:59:21,332,0,0,0,1120,489,99
2026-06-18 08:59:29,333,0,0,0,1120,489,99
2026-06-18 08:59:37,332,0,0,0,1120,489,99
2026-06-18 08:59:44,333,0,0,0,1120,489,99
2026-06-18 08:59:51,333,0,0,0,1120,489,99
2026-06-18 08:59:58,333,1,0,0,1120,489,99
2026-06-18 09:00:05,333,0,0,0,1120,489,99
2026-06-18 09:00:12,333,0,0,0,1120,489,98
2026-06-18 09:00:19,333,0,0,0,1120,489,98
2026-06-18 09:00:26,333,0,0,0,1120,489,98
2026-06-18 09:00:33,333,0,0,0,1120,489,98
2026-06-18 09:00:40,332,0,0,0,1120,489,98
2026-06-18 09:00:47,332,0,0,0,1120,489,98
2026-06-18 09:00:54,333,1,0,0,1120,489,98
2026-06-18 09:01:01,332,2,0,0,1120,489,98
2026-06-18 09:01:08,332,0,0,2,1120,489,99
2026-06-18 09:01:15,332,0,0,0,1120,489,99
2026-06-18 09:01:22,333,0,0,0,1120,489,99
2026-06-18 09:01:29,333,1,0,0,1120,489,99
2026-06-18 09:01:36,332,0,0,0,1120,489,99
2026-06-18 09:01:43,333,1,0,0,1120,489,99
2026-06-18 09:01:50,333,0,0,0,1120,489,99
2026-06-18 09:01:57,332,0,0,0,1120,489,99
2026-06-18 09:02:04,332,0,0,4,1120,489,99
2026-06-18 09:02:11,332,0,0,0,1120,489,99
2026-06-18 09:02:18,332,1,0,0,1120,489,99
2026-06-18 09:02:25,332,0,0,0,1120,489,99
2026-06-18 09:02:32,333,0,0,0,1120,489,99
2026-06-18 09:02:39,333,0,0,0,1120,489,99
2026-06-18 09:02:46,332,0,0,0,1120,489,99
2026-06-18 09:02:53,333,0,0,0,1120,489,99
2026-06-18 09:03:00,332,1,0,0,1120,489,99
2026-06-18 09:03:07,333,0,0,1,1120,489,99
2026-06-18 09:03:14,332,0,0,0,1120,489,99
2026-06-18 09:03:21,333,0,0,0,1120,489,99
2026-06-18 09:03:28,333,0,0,0,1120,489,99
2026-06-18 09:03:35,333,0,0,0,1120,489,99
2026-06-18 09:03:43,333,0,0,0,1120,489,99
2026-06-18 09:03:50,333,0,0,0,1120,489,99
2026-06-18 09:03:57,332,0,0,0,1120,489,99
2026-06-18 09:04:04,333,0,0,0,1120,489,99
2026-06-18 09:04:11,333,0,0,0,1120,489,99
2026-06-18 09:04:18,332,0,0,0,1120,489,99
2026-06-18 09:04:25,332,0,0,0,1120,489,99
2026-06-18 09:04:32,332,0,0,0,1120,489,99
2026-06-18 09:04:39,332,0,0,0,1120,489,99
2026-06-18 09:04:46,333,0,0,0,1120,489,99
2026-06-18 09:04:53,332,0,0,0,1120,489,99
2026-06-18 09:05:00,333,0,0,0,1120,489,99
2026-06-18 09:05:07,333,0,0,0,1120,489,99
2026-06-18 09:05:14,333,0,0,0,1120,489,99
2026-06-18 09:05:21,333,0,0,0,1120,489,99
2026-06-18 09:05:28,333,0,0,0,1120,489,99
2026-06-18 09:05:35,333,0,0,0,1120,489,99
2026-06-18 09:05:42,332,1,0,0,1120,489,99
2026-06-18 09:05:49,332,0,0,0,1120,489,99
2026-06-18 09:05:56,333,0,0,0,1120,489,99
2026-06-18 09:06:03,332,0,0,0,1120,489,99
2026-06-18 09:06:10,332,0,0,0,1120,489,98
2026-06-18 09:06:17,333,0,0,0,1120,489,98
2026-06-18 09:06:24,332,0,0,0,1120,489,98
2026-06-18 09:06:31,332,1,0,0,1120,489,98
2026-06-18 09:06:38,333,1,0,1,1120,489,98
2026-06-18 09:06:45,332,0,0,0,1120,489,98
2026-06-18 09:06:52,332,0,0,0,1120,489,98
2026-06-18 09:06:59,333,0,0,0,1120,489,98
2026-06-18 09:07:06,333,0,0,0,1120,489,98
2026-06-18 09:07:13,332,0,0,0,1120,489,98
2026-06-18 09:07:20,332,0,0,0,1120,489,98
2026-06-18 09:07:27,332,0,0,0,1120,489,98
2026-06-18 09:07:34,332,0,0,0,1120,489,98
2026-06-18 09:07:42,333,1,0,0,1120,489,98
2026-06-18 09:07:49,333,0,0,0,1120,489,98
2026-06-18 09:07:56,333,0,0,0,1120,489,98
2026-06-18 09:08:03,333,0,0,0,1120,489,98
2026-06-18 09:08:10,333,0,0,0,1120,489,98
2026-06-18 09:08:17,332,0,0,0,1120,489,98
2026-06-18 09:08:24,332,0,0,0,1120,489,98
2026-06-18 09:08:31,332,0,0,0,1120,489,98
2026-06-18 09:08:38,332,0,0,0,1120,489,98
2026-06-18 09:08:45,333,0,0,0,1120,489,98
2026-06-18 09:08:52,333,0,0,0,1120,489,98
2026-06-18 09:08:59,332,1,0,0,1120,489,98
2026-06-18 09:09:06,333,0,0,0,1120,489,98
2026-06-18 09:09:13,332,1,0,0,1120,489,99
2026-06-18 09:09:20,332,0,0,0,1120,489,99
2026-06-18 09:09:27,332,0,0,0,1120,489,99
2026-06-18 09:09:34,332,0,0,0,1120,489,99
2026-06-18 09:09:41,332,0,0,0,1120,489,99
2026-06-18 09:09:48,332,0,0,0,1120,489,99
2026-06-18 09:09:55,333,0,0,0,1120,489,99
2026-06-18 09:10:02,332,0,0,0,1120,489,99
2026-06-18 09:10:09,333,0,0,1,1120,489,99
2026-06-18 09:10:16,332,0,0,0,1120,489,99
2026-06-18 09:10:23,332,0,0,0,1120,489,99
2026-06-18 09:10:30,332,1,0,0,1120,489,99
2026-06-18 09:10:37,332,0,0,0,1120,489,99
2026-06-18 09:10:44,332,0,0,0,1120,489,99
2026-06-18 09:10:51,332,0,0,0,1120,489,99
2026-06-18 09:10:58,333,0,0,0,1120,489,99
2026-06-18 09:11:05,332,0,0,0,1120,489,99
2026-06-18 09:11:12,333,0,0,0,1120,489,99
2026-06-18 09:11:19,333,1,0,0,1120,489,99
2026-06-18 09:11:27,332,0,0,0,1120,489,99
2026-06-18 09:11:34,332,0,0,0,1120,489,99
2026-06-18 09:11:41,333,0,0,0,1120,489,99
2026-06-18 09:11:48,332,0,0,0,1120,489,99
2026-06-18 09:11:55,333,0,0,0,1120,489,99
2026-06-18 09:12:02,332,0,0,0,1120,489,99
2026-06-18 09:12:09,333,0,0,1,1120,489,99
2026-06-18 09:12:16,332,0,0,0,1120,489,99
2026-06-18 09:12:23,333,0,0,0,1120,489,99
2026-06-18 09:12:30,333,0,0,0,1120,489,99
2026-06-18 09:12:37,333,0,0,0,1120,489,99
2026-06-18 09:12:44,332,0,0,0,1120,489,99
2026-06-18 09:12:51,332,1,0,0,1120,489,99
2026-06-18 09:12:58,333,1,0,0,1120,489,99
2026-06-18 09:13:05,332,0,0,0,1120,489,99
2026-06-18 09:13:12,332,0,0,0,1120,489,99
2026-06-18 09:13:19,333,0,0,0,1120,489,99
2026-06-18 09:13:26,333,0,0,0,1120,489,99
2026-06-18 09:13:33,333,0,0,0,1120,489,99
2026-06-18 09:13:40,332,0,0,0,1120,489,99
2026-06-18 09:13:47,332,0,0,0,1120,489,99
2026-06-18 09:13:54,333,0,0,0,1120,489,99
2026-06-18 09:14:01,333,0,0,0,1120,489,99
2026-06-18 09:14:08,332,0,0,0,1120,489,99
2026-06-18 09:14:15,332,0,0,0,1120,489,98
2026-06-18 09:14:22,332,0,0,0,1120,489,98
2026-06-18 09:14:29,333,0,0,0,1120,489,98
2026-06-18 09:14:36,332,0,0,0,1120,489,98
2026-06-18 09:14:43,333,0,0,0,1120,489,98
2026-06-18 09:14:50,333,0,0,0,1120,489,98
2026-06-18 09:14:57,333,0,0,0,1120,489,98
2026-06-18 09:15:04,332,1,0,0,1120,489,98
2026-06-18 09:15:11,333,0,0,0,1120,489,98
2026-06-18 09:15:18,333,0,0,0,1120,489,98
2026-06-18 09:15:26,332,1,0,0,1120,489,98
2026-06-18 09:15:33,333,0,0,0,1120,489,98
2026-06-18 09:15:40,332,1,0,1,1120,489,98
2026-06-18 09:15:47,332,1,0,0,1120,489,98
2026-06-18 09:15:54,332,0,0,0,1120,489,98
2026-06-18 09:16:01,332,1,0,0,1120,489,98
2026-06-18 09:16:08,333,0,0,0,1120,489,98
2026-06-18 09:16:15,332,0,0,0,1120,489,98
2026-06-18 09:16:22,333,0,0,0,1120,489,98
2026-06-18 09:16:29,332,0,0,0,1120,489,98
2026-06-18 09:16:36,332,0,0,0,1120,489,98
2026-06-18 09:16:43,325,1,0,0,800,481,94
2026-06-18 09:16:50,328,0,0,0,896,483,96
2026-06-18 09:16:57,325,0,0,0,800,481,94
2026-06-18 09:17:04,325,0,0,0,800,481,94
2026-06-18 09:17:11,325,0,0,0,800,481,95
2026-06-18 09:17:18,325,0,0,12,800,481,95
2026-06-18 09:17:25,325,0,0,0,800,481,95
2026-06-18 09:17:32,325,0,0,0,800,481,95
2026-06-18 09:17:39,325,0,0,0,800,481,95
2026-06-18 09:17:46,325,0,0,0,800,481,95
2026-06-18 09:17:53,325,0,0,4,800,481,95
2026-06-18 09:18:00,325,0,0,0,800,481,95
2026-06-18 09:18:07,325,0,0,0,800,481,95
2026-06-18 09:18:14,325,1,0,0,800,481,95
2026-06-18 09:18:21,325,0,0,0,800,481,95
2026-06-18 09:18:28,325,0,0,0,800,481,95
2026-06-18 09:18:35,325,0,0,0,800,481,95
2026-06-18 09:18:42,325,0,0,0,800,481,95
2026-06-18 09:18:49,325,1,0,0,800,481,95
2026-06-18 09:18:56,325,0,0,0,800,481,95
2026-06-18 09:19:03,325,1,0,0,800,481,95
2026-06-18 09:19:10,325,0,0,1,800,481,95
2026-06-18 09:19:17,325,0,0,0,800,481,95
2026-06-18 09:19:24,325,0,0,0,800,481,95
2026-06-18 09:19:31,325,0,0,0,800,481,95
2026-06-18 09:19:38,325,0,0,0,800,481,95
2026-06-18 09:19:46,325,0,0,0,800,481,95
2026-06-18 09:19:53,325,0,0,0,800,481,95
2026-06-18 09:20:00,325,0,0,0,800,481,95
2026-06-18 09:20:07,325,1,0,0,800,481,95
2026-06-18 09:20:14,325,0,0,0,800,481,95
2026-06-18 09:20:21,325,0,0,0,800,481,95
2026-06-18 09:20:28,325,1,0,0,800,481,95
2026-06-18 09:20:35,325,0,0,0,800,481,95
2026-06-18 09:20:42,325,0,0,0,800,481,95
2026-06-18 09:20:49,325,0,0,0,800,481,95
2026-06-18 09:20:56,325,0,0,0,800,481,95
2026-06-18 09:21:03,325,0,0,0,800,481,95
2026-06-18 09:21:10,325,0,0,0,800,481,95
2026-06-18 09:21:17,325,0,0,0,800,481,95
2026-06-18 09:21:24,325,0,0,0,800,481,95
2026-06-18 09:21:31,325,0,0,0,800,481,95
2026-06-18 09:21:38,325,0,0,0,800,481,95
2026-06-18 09:21:45,327,5,0,0,896,483,97
2026-06-18 09:21:52,327,0,0,0,800,481,95
2026-06-18 09:21:59,325,1,0,0,800,481,95
2026-06-18 09:22:06,325,0,0,0,800,481,95
2026-06-18 09:22:13,325,0,0,0,800,481,94
2026-06-18 09:22:20,325,0,0,0,800,481,94
2026-06-18 09:22:27,325,1,0,0,800,481,94
2026-06-18 09:22:34,325,0,0,4,800,481,94
2026-06-18 09:22:41,325,0,0,27,800,481,94
2026-06-18 09:22:48,325,1,0,0,800,481,94
2026-06-18 09:22:55,325,0,0,0,800,481,94
2026-06-18 09:23:02,325,0,0,0,800,481,94
2026-06-18 09:23:09,325,0,0,0,800,481,94
2026-06-18 09:23:16,325,0,0,0,800,481,94
2026-06-18 09:23:23,325,0,0,0,800,481,94
2026-06-18 09:23:30,325,0,0,0,800,481,94
2026-06-18 09:23:37,325,0,0,0,800,481,94
2026-06-18 09:23:44,325,0,0,0,800,481,94
2026-06-18 09:23:51,327,0,0,0,896,483,96
2026-06-18 09:23:58,328,0,0,0,896,483,96
2026-06-18 09:24:05,328,0,0,0,896,483,96
2026-06-18 09:24:13,327,0,0,0,896,483,96
2026-06-18 09:24:20,327,0,0,28,896,483,96
2026-06-18 09:24:27,330,2,0,0,960,485,98
2026-06-18 09:24:34,325,0,0,0,800,481,94
2026-06-18 09:24:41,325,0,0,0,800,481,94
2026-06-18 09:24:48,325,0,0,0,800,481,94
2026-06-18 09:24:55,325,0,0,16,800,481,94
2026-06-18 09:25:02,325,0,0,0,800,481,94
2026-06-18 09:25:09,325,0,0,0,800,481,94
2026-06-18 09:25:16,325,0,0,0,800,481,95
2026-06-18 09:25:23,325,0,0,0,800,481,95
2026-06-18 09:25:30,327,0,0,22,896,483,97
